// Jest Snapshot v1, https://goo.gl/fbAQLP

exports[`within-element if no within throws error 1`] = `"Control this is my input found through invalid label for relationship"`;
