// Jest Snapshot v1, https://goo.gl/fbAQLP

exports[`Notification module Defaults throws error by default 1`] = `"Custom rule undefined found Element labelled 'undefined'"`;
